1) страницы с вылетами, подложка 300 dpi
  стр 01 готова
  стр 02 готова
  стр 03 готова
  стр 04 готова
  стр 05 готова
  стр 06 готова
  стр 07 готова
  стр 08 готова
  стр 09 готова
  стр 10 готова
  стр 11 готова
  стр 12 готова
  стр 13 готова
  стр 14 готова
  стр 15 готова
  стр 16 готова
  стр 17 готова
  стр 18 готова
  стр 19 готова
  стр 20 готова
  стр 21 готова
  стр 22 готова
  стр 23 готова
  стр 24 готова
  стр 25 готова
  стр 26 готова
  стр 27 готова
  стр 28 готова
  стр 29 готова
  стр 30 готова
  стр 31 готова
  стр 32 готова
2) склейка
3) CMYK FOGRA39 / PDF/X-1a
4) XMP
готово -> build/ЭнергоГрупп_2025_печать_PDFX-1a.pdf
